adult s0 [mask mask0.25]: entropy AUROC 0.584
adult s1 [mask mask0.25]: entropy AUROC 0.566
adult s2 [mask mask0.25]: entropy AUROC 0.592
bank-marketing s0 [mask mask0.25]: entropy AUROC 0.458
bank-marketing s1 [mask mask0.25]: entropy AUROC 0.443
bank-marketing s2 [mask mask0.25]: entropy AUROC 0.467
california s0 [mask mask0.25]: entropy AUROC 0.854
california s1 [mask mask0.25]: entropy AUROC 0.805
california s2 [mask mask0.25]: entropy AUROC 0.708
wine_quality s0 [mask mask0.25]: entropy AUROC 0.803
wine_quality s1 [mask mask0.25]: entropy AUROC 0.851
wine_quality s2 [mask mask0.25]: entropy AUROC 0.863
wine s0 [mask mask0.25]: entropy AUROC 0.410
wine s1 [mask mask0.25]: entropy AUROC 0.421
wine s2 [mask mask0.25]: entropy AUROC 0.433
phoneme s0 [mask mask0.25]: entropy AUROC 0.495
phoneme s1 [mask mask0.25]: entropy AUROC 0.522
phoneme s2 [mask mask0.25]: entropy AUROC 0.530
churn s0 [mask mask0.25]: entropy AUROC 0.499
churn s1 [mask mask0.25]: entropy AUROC 0.500
churn s2 [mask mask0.25]: entropy AUROC 0.500
MagicTelescope s0 [mask mask0.25]: entropy AUROC 0.526
MagicTelescope s1 [mask mask0.25]: entropy AUROC 0.522
MagicTelescope s2 [mask mask0.25]: entropy AUROC 0.488
credit s0 [mask mask0.25]: entropy AUROC 0.458
credit s1 [mask mask0.25]: entropy AUROC 0.380
credit s2 [mask mask0.25]: entropy AUROC 0.378
MiniBooNE s0 [mask mask0.25]: entropy AUROC 0.729
MiniBooNE s1 [mask mask0.25]: entropy AUROC 0.736
MiniBooNE s2 [mask mask0.25]: entropy AUROC 0.729
Ailerons s0 [mask mask0.25]: entropy AUROC 0.623
Ailerons s1 [mask mask0.25]: entropy AUROC 0.615
Ailerons s2 [mask mask0.25]: entropy AUROC 0.502
adult: mean AUROC 0.580 +- 0.011 (n=3)
bank-marketing: mean AUROC 0.456 +- 0.010 (n=3)
california: mean AUROC 0.789 +- 0.061 (n=3)
wine_quality: mean AUROC 0.839 +- 0.026 (n=3)
wine: mean AUROC 0.422 +- 0.009 (n=3)
phoneme: mean AUROC 0.516 +- 0.015 (n=3)
churn: mean AUROC 0.500 +- 0.000 (n=3)
MagicTelescope: mean AUROC 0.512 +- 0.017 (n=3)
credit: mean AUROC 0.405 +- 0.037 (n=3)
MiniBooNE: mean AUROC 0.731 +- 0.003 (n=3)
Ailerons: mean AUROC 0.580 +- 0.055 (n=3)
DONE mask0.25
adult s0 [mask mask0.5]: entropy AUROC 0.681
adult s1 [mask mask0.5]: entropy AUROC 0.647
adult s2 [mask mask0.5]: entropy AUROC 0.693
bank-marketing s0 [mask mask0.5]: entropy AUROC 0.415
bank-marketing s1 [mask mask0.5]: entropy AUROC 0.389
bank-marketing s2 [mask mask0.5]: entropy AUROC 0.454
california s0 [mask mask0.5]: entropy AUROC 0.906
california s1 [mask mask0.5]: entropy AUROC 0.840
california s2 [mask mask0.5]: entropy AUROC 0.714
wine_quality s0 [mask mask0.5]: entropy AUROC 0.797
wine_quality s1 [mask mask0.5]: entropy AUROC 0.860
wine_quality s2 [mask mask0.5]: entropy AUROC 0.924
wine s0 [mask mask0.5]: entropy AUROC 0.360
wine s1 [mask mask0.5]: entropy AUROC 0.448
wine s2 [mask mask0.5]: entropy AUROC 0.393
phoneme s0 [mask mask0.5]: entropy AUROC 0.558
phoneme s1 [mask mask0.5]: entropy AUROC 0.555
phoneme s2 [mask mask0.5]: entropy AUROC 0.579
churn s0 [mask mask0.5]: entropy AUROC 0.487
churn s1 [mask mask0.5]: entropy AUROC 0.491
churn s2 [mask mask0.5]: entropy AUROC 0.500
MagicTelescope s0 [mask mask0.5]: entropy AUROC 0.592
MagicTelescope s1 [mask mask0.5]: entropy AUROC 0.583
MagicTelescope s2 [mask mask0.5]: entropy AUROC 0.536
credit s0 [mask mask0.5]: entropy AUROC 0.449
credit s1 [mask mask0.5]: entropy AUROC 0.259
credit s2 [mask mask0.5]: entropy AUROC 0.259
MiniBooNE s0 [mask mask0.5]: entropy AUROC 0.814
MiniBooNE s1 [mask mask0.5]: entropy AUROC 0.823
MiniBooNE s2 [mask mask0.5]: entropy AUROC 0.819
Ailerons s0 [mask mask0.5]: entropy AUROC 0.741
Ailerons s1 [mask mask0.5]: entropy AUROC 0.715
Ailerons s2 [mask mask0.5]: entropy AUROC 0.526
adult: mean AUROC 0.674 +- 0.019 (n=3)
bank-marketing: mean AUROC 0.419 +- 0.027 (n=3)
california: mean AUROC 0.820 +- 0.079 (n=3)
wine_quality: mean AUROC 0.860 +- 0.052 (n=3)
wine: mean AUROC 0.400 +- 0.036 (n=3)
phoneme: mean AUROC 0.564 +- 0.011 (n=3)
churn: mean AUROC 0.493 +- 0.005 (n=3)
MagicTelescope: mean AUROC 0.570 +- 0.025 (n=3)
credit: mean AUROC 0.322 +- 0.090 (n=3)
MiniBooNE: mean AUROC 0.819 +- 0.003 (n=3)
Ailerons: mean AUROC 0.661 +- 0.096 (n=3)
DONE mask0.5
adult s0 [shuffle shuffle]: entropy AUROC 0.499
adult s1 [shuffle shuffle]: entropy AUROC 0.520
adult s2 [shuffle shuffle]: entropy AUROC 0.499
bank-marketing s0 [shuffle shuffle]: entropy AUROC 0.520
bank-marketing s1 [shuffle shuffle]: entropy AUROC 0.518
bank-marketing s2 [shuffle shuffle]: entropy AUROC 0.516
california s0 [shuffle shuffle]: entropy AUROC 0.546
california s1 [shuffle shuffle]: entropy AUROC 0.527
california s2 [shuffle shuffle]: entropy AUROC 0.522
wine_quality s0 [shuffle shuffle]: entropy AUROC 0.634
wine_quality s1 [shuffle shuffle]: entropy AUROC 0.671
wine_quality s2 [shuffle shuffle]: entropy AUROC 0.612
wine s0 [shuffle shuffle]: entropy AUROC 0.507
wine s1 [shuffle shuffle]: entropy AUROC 0.505
wine s2 [shuffle shuffle]: entropy AUROC 0.522
phoneme s0 [shuffle shuffle]: entropy AUROC 0.557
phoneme s1 [shuffle shuffle]: entropy AUROC 0.536
phoneme s2 [shuffle shuffle]: entropy AUROC 0.561
churn s0 [shuffle shuffle]: entropy AUROC 0.500
churn s1 [shuffle shuffle]: entropy AUROC 0.500
churn s2 [shuffle shuffle]: entropy AUROC 0.500
MagicTelescope s0 [shuffle shuffle]: entropy AUROC 0.457
MagicTelescope s1 [shuffle shuffle]: entropy AUROC 0.419
MagicTelescope s2 [shuffle shuffle]: entropy AUROC 0.421
credit s0 [shuffle shuffle]: entropy AUROC 0.497
credit s1 [shuffle shuffle]: entropy AUROC 0.500
credit s2 [shuffle shuffle]: entropy AUROC 0.498
MiniBooNE s0 [shuffle shuffle]: entropy AUROC 0.774
MiniBooNE s1 [shuffle shuffle]: entropy AUROC 0.775
MiniBooNE s2 [shuffle shuffle]: entropy AUROC 0.766
Ailerons s0 [shuffle shuffle]: entropy AUROC 0.501
Ailerons s1 [shuffle shuffle]: entropy AUROC 0.495
Ailerons s2 [shuffle shuffle]: entropy AUROC 0.500
adult: mean AUROC 0.506 +- 0.010 (n=3)
bank-marketing: mean AUROC 0.518 +- 0.002 (n=3)
california: mean AUROC 0.532 +- 0.010 (n=3)
wine_quality: mean AUROC 0.639 +- 0.025 (n=3)
wine: mean AUROC 0.511 +- 0.007 (n=3)
phoneme: mean AUROC 0.551 +- 0.011 (n=3)
churn: mean AUROC 0.500 +- 0.000 (n=3)
MagicTelescope: mean AUROC 0.432 +- 0.017 (n=3)
credit: mean AUROC 0.498 +- 0.001 (n=3)
MiniBooNE: mean AUROC 0.772 +- 0.004 (n=3)
Ailerons: mean AUROC 0.499 +- 0.003 (n=3)
DONE shuffle
adult s0 [scale scale0.3]: entropy AUROC 0.493
adult s1 [scale scale0.3]: entropy AUROC 0.538
adult s2 [scale scale0.3]: entropy AUROC 0.493
bank-marketing s0 [scale scale0.3]: entropy AUROC 0.443
bank-marketing s1 [scale scale0.3]: entropy AUROC 0.458
bank-marketing s2 [scale scale0.3]: entropy AUROC 0.436
california s0 [scale scale0.3]: entropy AUROC 0.695
california s1 [scale scale0.3]: entropy AUROC 0.732
california s2 [scale scale0.3]: entropy AUROC 0.665
wine_quality s0 [scale scale0.3]: entropy AUROC 0.766
wine_quality s1 [scale scale0.3]: entropy AUROC 0.813
wine_quality s2 [scale scale0.3]: entropy AUROC 0.838
wine s0 [scale scale0.3]: entropy AUROC 0.414
wine s1 [scale scale0.3]: entropy AUROC 0.408
wine s2 [scale scale0.3]: entropy AUROC 0.418
phoneme s0 [scale scale0.3]: entropy AUROC 0.513
phoneme s1 [scale scale0.3]: entropy AUROC 0.507
phoneme s2 [scale scale0.3]: entropy AUROC 0.509
churn s0 [scale scale0.3]: entropy AUROC 0.500
churn s1 [scale scale0.3]: entropy AUROC 0.500
churn s2 [scale scale0.3]: entropy AUROC 0.500
MagicTelescope s0 [scale scale0.3]: entropy AUROC 0.451
MagicTelescope s1 [scale scale0.3]: entropy AUROC 0.451
MagicTelescope s2 [scale scale0.3]: entropy AUROC 0.459
credit s0 [scale scale0.3]: entropy AUROC 0.500
credit s1 [scale scale0.3]: entropy AUROC 0.500
credit s2 [scale scale0.3]: entropy AUROC 0.500
MiniBooNE s0 [scale scale0.3]: entropy AUROC 0.406
MiniBooNE s1 [scale scale0.3]: entropy AUROC 0.406
MiniBooNE s2 [scale scale0.3]: entropy AUROC 0.412
Ailerons s0 [scale scale0.3]: entropy AUROC 0.490
Ailerons s1 [scale scale0.3]: entropy AUROC 0.493
Ailerons s2 [scale scale0.3]: entropy AUROC 0.500
adult: mean AUROC 0.508 +- 0.021 (n=3)
bank-marketing: mean AUROC 0.446 +- 0.009 (n=3)
california: mean AUROC 0.697 +- 0.028 (n=3)
wine_quality: mean AUROC 0.806 +- 0.030 (n=3)
wine: mean AUROC 0.413 +- 0.004 (n=3)
phoneme: mean AUROC 0.510 +- 0.003 (n=3)
churn: mean AUROC 0.500 +- 0.000 (n=3)
MagicTelescope: mean AUROC 0.454 +- 0.004 (n=3)
credit: mean AUROC 0.500 +- 0.000 (n=3)
MiniBooNE: mean AUROC 0.408 +- 0.003 (n=3)
Ailerons: mean AUROC 0.494 +- 0.004 (n=3)
DONE scale0.3
