adult s0 [mask mask0.25]: entropy AUROC 0.584
adult s1 [mask mask0.25]: entropy AUROC 0.566
adult s2 [mask mask0.25]: entropy AUROC 0.592
bank-marketing s0 [mask mask0.25]: entropy AUROC 0.458
bank-marketing s1 [mask mask0.25]: entropy AUROC 0.443
bank-marketing s2 [mask mask0.25]: entropy AUROC 0.467
california s0 [mask mask0.25]: entropy AUROC 0.854
california s1 [mask mask0.25]: entropy AUROC 0.805
california s2 [mask mask0.25]: entropy AUROC 0.708
wine_quality s0 [mask mask0.25]: entropy AUROC 0.803
wine_quality s1 [mask mask0.25]: entropy AUROC 0.851
wine_quality s2 [mask mask0.25]: entropy AUROC 0.863
wine s0 [mask mask0.25]: entropy AUROC 0.410
wine s1 [mask mask0.25]: entropy AUROC 0.421
wine s2 [mask mask0.25]: entropy AUROC 0.433
phoneme s0 [mask mask0.25]: entropy AUROC 0.495
phoneme s1 [mask mask0.25]: entropy AUROC 0.522
phoneme s2 [mask mask0.25]: entropy AUROC 0.530
churn s0 [mask mask0.25]: entropy AUROC 0.499
churn s1 [mask mask0.25]: entropy AUROC 0.500
churn s2 [mask mask0.25]: entropy AUROC 0.500
MagicTelescope s0 [mask mask0.25]: entropy AUROC 0.526
MagicTelescope s1 [mask mask0.25]: entropy AUROC 0.522
MagicTelescope s2 [mask mask0.25]: entropy AUROC 0.488
credit s0 [mask mask0.25]: entropy AUROC 0.458
credit s1 [mask mask0.25]: entropy AUROC 0.380
credit s2 [mask mask0.25]: entropy AUROC 0.378
MiniBooNE s0 [mask mask0.25]: entropy AUROC 0.729
MiniBooNE s1 [mask mask0.25]: entropy AUROC 0.736
MiniBooNE s2 [mask mask0.25]: entropy AUROC 0.729
Ailerons s0 [mask mask0.25]: entropy AUROC 0.623
Ailerons s1 [mask mask0.25]: entropy AUROC 0.615
Ailerons s2 [mask mask0.25]: entropy AUROC 0.502
adult: mean AUROC 0.580 +- 0.011 (n=3)
bank-marketing: mean AUROC 0.456 +- 0.010 (n=3)
california: mean AUROC 0.789 +- 0.061 (n=3)
wine_quality: mean AUROC 0.839 +- 0.026 (n=3)
wine: mean AUROC 0.422 +- 0.009 (n=3)
phoneme: mean AUROC 0.516 +- 0.015 (n=3)
churn: mean AUROC 0.500 +- 0.000 (n=3)
MagicTelescope: mean AUROC 0.512 +- 0.017 (n=3)
credit: mean AUROC 0.405 +- 0.037 (n=3)
MiniBooNE: mean AUROC 0.731 +- 0.003 (n=3)
Ailerons: mean AUROC 0.580 +- 0.055 (n=3)
