adult s0: entropy AUROC 0.734
adult s1: entropy AUROC 0.750
adult s2: entropy AUROC 0.696
bank-marketing s0: entropy AUROC 0.377
bank-marketing s1: entropy AUROC 0.358
bank-marketing s2: entropy AUROC 0.395
california s0: entropy AUROC 0.931
california s1: entropy AUROC 0.928
california s2: entropy AUROC 0.757
wine_quality s0: entropy AUROC 0.787
wine_quality s1: entropy AUROC 0.804
wine_quality s2: entropy AUROC 0.794
wine s0: entropy AUROC 0.451
wine s1: entropy AUROC 0.439
wine s2: entropy AUROC 0.456
phoneme s0: entropy AUROC 0.508
phoneme s1: entropy AUROC 0.510
phoneme s2: entropy AUROC 0.484
churn s0: entropy AUROC 0.500
churn s1: entropy AUROC 0.500
churn s2: entropy AUROC 0.500
MagicTelescope s0: entropy AUROC 0.353
MagicTelescope s1: entropy AUROC 0.332
MagicTelescope s2: entropy AUROC 0.350
credit s0: entropy AUROC 0.494
credit s1: entropy AUROC 0.497
credit s2: entropy AUROC 0.483
MiniBooNE s0: entropy AUROC 0.681
MiniBooNE s1: entropy AUROC 0.628
MiniBooNE s2: entropy AUROC 0.747
Ailerons s0: entropy AUROC 0.493
Ailerons s1: entropy AUROC 0.512
Ailerons s2: entropy AUROC 0.500
adult: mean AUROC 0.727 +- 0.022 (n=3)
bank-marketing: mean AUROC 0.377 +- 0.015 (n=3)
california: mean AUROC 0.872 +- 0.081 (n=3)
wine_quality: mean AUROC 0.795 +- 0.007 (n=3)
wine: mean AUROC 0.449 +- 0.007 (n=3)
phoneme: mean AUROC 0.501 +- 0.012 (n=3)
churn: mean AUROC 0.500 +- 0.000 (n=3)
MagicTelescope: mean AUROC 0.345 +- 0.009 (n=3)
credit: mean AUROC 0.491 +- 0.006 (n=3)
MiniBooNE: mean AUROC 0.685 +- 0.048 (n=3)
Ailerons: mean AUROC 0.501 +- 0.008 (n=3)
