adult s0 [scale scale0.3]: entropy AUROC 0.493
adult s1 [scale scale0.3]: entropy AUROC 0.538
adult s2 [scale scale0.3]: entropy AUROC 0.493
bank-marketing s0 [scale scale0.3]: entropy AUROC 0.443
bank-marketing s1 [scale scale0.3]: entropy AUROC 0.458
bank-marketing s2 [scale scale0.3]: entropy AUROC 0.436
california s0 [scale scale0.3]: entropy AUROC 0.695
california s1 [scale scale0.3]: entropy AUROC 0.732
california s2 [scale scale0.3]: entropy AUROC 0.665
wine_quality s0 [scale scale0.3]: entropy AUROC 0.766
wine_quality s1 [scale scale0.3]: entropy AUROC 0.813
wine_quality s2 [scale scale0.3]: entropy AUROC 0.838
wine s0 [scale scale0.3]: entropy AUROC 0.414
wine s1 [scale scale0.3]: entropy AUROC 0.408
wine s2 [scale scale0.3]: entropy AUROC 0.418
phoneme s0 [scale scale0.3]: entropy AUROC 0.513
phoneme s1 [scale scale0.3]: entropy AUROC 0.507
phoneme s2 [scale scale0.3]: entropy AUROC 0.509
churn s0 [scale scale0.3]: entropy AUROC 0.500
churn s1 [scale scale0.3]: entropy AUROC 0.500
churn s2 [scale scale0.3]: entropy AUROC 0.500
MagicTelescope s0 [scale scale0.3]: entropy AUROC 0.451
MagicTelescope s1 [scale scale0.3]: entropy AUROC 0.451
MagicTelescope s2 [scale scale0.3]: entropy AUROC 0.459
credit s0 [scale scale0.3]: entropy AUROC 0.500
credit s1 [scale scale0.3]: entropy AUROC 0.500
credit s2 [scale scale0.3]: entropy AUROC 0.500
MiniBooNE s0 [scale scale0.3]: entropy AUROC 0.406
MiniBooNE s1 [scale scale0.3]: entropy AUROC 0.406
MiniBooNE s2 [scale scale0.3]: entropy AUROC 0.412
Ailerons s0 [scale scale0.3]: entropy AUROC 0.490
Ailerons s1 [scale scale0.3]: entropy AUROC 0.493
Ailerons s2 [scale scale0.3]: entropy AUROC 0.500
adult: mean AUROC 0.508 +- 0.021 (n=3)
bank-marketing: mean AUROC 0.446 +- 0.009 (n=3)
california: mean AUROC 0.697 +- 0.028 (n=3)
wine_quality: mean AUROC 0.806 +- 0.030 (n=3)
wine: mean AUROC 0.413 +- 0.004 (n=3)
phoneme: mean AUROC 0.510 +- 0.003 (n=3)
churn: mean AUROC 0.500 +- 0.000 (n=3)
MagicTelescope: mean AUROC 0.454 +- 0.004 (n=3)
credit: mean AUROC 0.500 +- 0.000 (n=3)
MiniBooNE: mean AUROC 0.408 +- 0.003 (n=3)
Ailerons: mean AUROC 0.494 +- 0.004 (n=3)
