adult s0 [mask mask0.5]: entropy AUROC 0.681
adult s1 [mask mask0.5]: entropy AUROC 0.647
adult s2 [mask mask0.5]: entropy AUROC 0.693
bank-marketing s0 [mask mask0.5]: entropy AUROC 0.415
bank-marketing s1 [mask mask0.5]: entropy AUROC 0.389
bank-marketing s2 [mask mask0.5]: entropy AUROC 0.454
california s0 [mask mask0.5]: entropy AUROC 0.906
california s1 [mask mask0.5]: entropy AUROC 0.840
california s2 [mask mask0.5]: entropy AUROC 0.714
wine_quality s0 [mask mask0.5]: entropy AUROC 0.797
wine_quality s1 [mask mask0.5]: entropy AUROC 0.860
wine_quality s2 [mask mask0.5]: entropy AUROC 0.924
wine s0 [mask mask0.5]: entropy AUROC 0.360
wine s1 [mask mask0.5]: entropy AUROC 0.448
wine s2 [mask mask0.5]: entropy AUROC 0.393
phoneme s0 [mask mask0.5]: entropy AUROC 0.558
phoneme s1 [mask mask0.5]: entropy AUROC 0.555
phoneme s2 [mask mask0.5]: entropy AUROC 0.579
churn s0 [mask mask0.5]: entropy AUROC 0.487
churn s1 [mask mask0.5]: entropy AUROC 0.491
churn s2 [mask mask0.5]: entropy AUROC 0.500
MagicTelescope s0 [mask mask0.5]: entropy AUROC 0.592
MagicTelescope s1 [mask mask0.5]: entropy AUROC 0.583
MagicTelescope s2 [mask mask0.5]: entropy AUROC 0.536
credit s0 [mask mask0.5]: entropy AUROC 0.449
credit s1 [mask mask0.5]: entropy AUROC 0.259
credit s2 [mask mask0.5]: entropy AUROC 0.259
MiniBooNE s0 [mask mask0.5]: entropy AUROC 0.814
MiniBooNE s1 [mask mask0.5]: entropy AUROC 0.823
MiniBooNE s2 [mask mask0.5]: entropy AUROC 0.819
Ailerons s0 [mask mask0.5]: entropy AUROC 0.741
Ailerons s1 [mask mask0.5]: entropy AUROC 0.715
Ailerons s2 [mask mask0.5]: entropy AUROC 0.526
adult: mean AUROC 0.674 +- 0.019 (n=3)
bank-marketing: mean AUROC 0.419 +- 0.027 (n=3)
california: mean AUROC 0.820 +- 0.079 (n=3)
wine_quality: mean AUROC 0.860 +- 0.052 (n=3)
wine: mean AUROC 0.400 +- 0.036 (n=3)
phoneme: mean AUROC 0.564 +- 0.011 (n=3)
churn: mean AUROC 0.493 +- 0.005 (n=3)
MagicTelescope: mean AUROC 0.570 +- 0.025 (n=3)
credit: mean AUROC 0.322 +- 0.090 (n=3)
MiniBooNE: mean AUROC 0.819 +- 0.003 (n=3)
Ailerons: mean AUROC 0.661 +- 0.096 (n=3)
