adult s0: entropy AUROC 0.699
adult s1: entropy AUROC 0.712
adult s2: entropy AUROC 0.645
bank-marketing s0: entropy AUROC 0.305
bank-marketing s1: entropy AUROC 0.284
bank-marketing s2: entropy AUROC 0.356
california s0: entropy AUROC 0.975
california s1: entropy AUROC 0.966
california s2: entropy AUROC 0.884
wine_quality s0: entropy AUROC 0.931
wine_quality s1: entropy AUROC 0.950
wine_quality s2: entropy AUROC 0.944
wine s0: entropy AUROC 0.398
wine s1: entropy AUROC 0.383
wine s2: entropy AUROC 0.392
phoneme s0: entropy AUROC 0.474
phoneme s1: entropy AUROC 0.442
phoneme s2: entropy AUROC 0.427
churn s0: entropy AUROC 0.500
churn s1: entropy AUROC 0.500
churn s2: entropy AUROC 0.500
MagicTelescope s0: entropy AUROC 0.324
MagicTelescope s1: entropy AUROC 0.281
MagicTelescope s2: entropy AUROC 0.344
credit s0: entropy AUROC 0.494
credit s1: entropy AUROC 0.492
credit s2: entropy AUROC 0.483
MiniBooNE s0: entropy AUROC 0.675
MiniBooNE s1: entropy AUROC 0.619
MiniBooNE s2: entropy AUROC 0.749
Ailerons s0: entropy AUROC 0.482
Ailerons s1: entropy AUROC 0.570
Ailerons s2: entropy AUROC 0.500
adult: mean AUROC 0.685 +- 0.029 (n=3)
bank-marketing: mean AUROC 0.315 +- 0.030 (n=3)
california: mean AUROC 0.942 +- 0.041 (n=3)
wine_quality: mean AUROC 0.942 +- 0.008 (n=3)
wine: mean AUROC 0.391 +- 0.006 (n=3)
phoneme: mean AUROC 0.448 +- 0.020 (n=3)
churn: mean AUROC 0.500 +- 0.000 (n=3)
MagicTelescope: mean AUROC 0.316 +- 0.026 (n=3)
credit: mean AUROC 0.490 +- 0.005 (n=3)
MiniBooNE: mean AUROC 0.681 +- 0.053 (n=3)
Ailerons: mean AUROC 0.517 +- 0.038 (n=3)
