adult s0 [shuffle shuffle]: entropy AUROC 0.499
adult s1 [shuffle shuffle]: entropy AUROC 0.520
adult s2 [shuffle shuffle]: entropy AUROC 0.499
bank-marketing s0 [shuffle shuffle]: entropy AUROC 0.520
bank-marketing s1 [shuffle shuffle]: entropy AUROC 0.518
bank-marketing s2 [shuffle shuffle]: entropy AUROC 0.516
california s0 [shuffle shuffle]: entropy AUROC 0.546
california s1 [shuffle shuffle]: entropy AUROC 0.527
california s2 [shuffle shuffle]: entropy AUROC 0.522
wine_quality s0 [shuffle shuffle]: entropy AUROC 0.634
wine_quality s1 [shuffle shuffle]: entropy AUROC 0.671
wine_quality s2 [shuffle shuffle]: entropy AUROC 0.612
wine s0 [shuffle shuffle]: entropy AUROC 0.507
wine s1 [shuffle shuffle]: entropy AUROC 0.505
wine s2 [shuffle shuffle]: entropy AUROC 0.522
phoneme s0 [shuffle shuffle]: entropy AUROC 0.557
phoneme s1 [shuffle shuffle]: entropy AUROC 0.536
phoneme s2 [shuffle shuffle]: entropy AUROC 0.561
churn s0 [shuffle shuffle]: entropy AUROC 0.500
churn s1 [shuffle shuffle]: entropy AUROC 0.500
churn s2 [shuffle shuffle]: entropy AUROC 0.500
MagicTelescope s0 [shuffle shuffle]: entropy AUROC 0.457
MagicTelescope s1 [shuffle shuffle]: entropy AUROC 0.419
MagicTelescope s2 [shuffle shuffle]: entropy AUROC 0.421
credit s0 [shuffle shuffle]: entropy AUROC 0.497
credit s1 [shuffle shuffle]: entropy AUROC 0.500
credit s2 [shuffle shuffle]: entropy AUROC 0.498
MiniBooNE s0 [shuffle shuffle]: entropy AUROC 0.774
MiniBooNE s1 [shuffle shuffle]: entropy AUROC 0.775
MiniBooNE s2 [shuffle shuffle]: entropy AUROC 0.766
Ailerons s0 [shuffle shuffle]: entropy AUROC 0.501
Ailerons s1 [shuffle shuffle]: entropy AUROC 0.495
Ailerons s2 [shuffle shuffle]: entropy AUROC 0.500
adult: mean AUROC 0.506 +- 0.010 (n=3)
bank-marketing: mean AUROC 0.518 +- 0.002 (n=3)
california: mean AUROC 0.532 +- 0.010 (n=3)
wine_quality: mean AUROC 0.639 +- 0.025 (n=3)
wine: mean AUROC 0.511 +- 0.007 (n=3)
phoneme: mean AUROC 0.551 +- 0.011 (n=3)
churn: mean AUROC 0.500 +- 0.000 (n=3)
MagicTelescope: mean AUROC 0.432 +- 0.017 (n=3)
credit: mean AUROC 0.498 +- 0.001 (n=3)
MiniBooNE: mean AUROC 0.772 +- 0.004 (n=3)
Ailerons: mean AUROC 0.499 +- 0.003 (n=3)
